main.c:158:5:main	16	static
main.c:269:6:SystemClock_Config	216	static
main.c:361:13:MX_ADC3_Init	24	static
main.c:398:13:MX_CRC_Init	8	static
main.c:415:13:MX_DCMI_Init	8	static
main.c:438:13:MX_DMA2D_Init	8	static
main.c:462:13:MX_ETH_Init	16	static
main.c:493:13:MX_I2C1_Init	8	static
main.c:527:13:MX_I2C3_Init	8	static
main.c:561:13:MX_LTDC_Init	64	static
main.c:610:13:MX_QUADSPI_Init	8	static
main.c:631:13:MX_RTC_Init	80	static
main.c:715:13:MX_SAI2_Init	8	static
main.c:777:13:MX_SDMMC1_SD_Init	4	static
main.c:791:13:MX_SPDIFRX_Init	8	static
main.c:813:13:MX_TIM1_Init	112	static
main.c:885:13:MX_TIM2_Init	64	static
main.c:935:13:MX_TIM3_Init	64	static
main.c:985:13:MX_TIM5_Init	64	static
main.c:1035:13:MX_TIM8_Init	40	static
main.c:1070:13:MX_TIM12_Init	40	static
main.c:1100:13:MX_USART1_UART_Init	8	static
main.c:1121:13:MX_USART6_UART_Init	8	static
main.c:1142:13:MX_USB_OTG_HS_HCD_Init	8	static
main.c:1161:13:MX_FMC_Init	40	static
main.c:1204:13:MX_GPIO_Init	72	static
main.c:1338:6:StartDefaultTask	16	static
main.c:1363:6:HAL_TIM_PeriodElapsedCallback	16	static
main.c:1382:6:_Error_Handler	16	static
