stm32f7xx_hal_msp.c:59:6:HAL_MspInit	8	static
stm32f7xx_hal_msp.c:88:6:HAL_ADC_MspInit	40	static
stm32f7xx_hal_msp.c:126:6:HAL_ADC_MspDeInit	16	static
stm32f7xx_hal_msp.c:157:6:HAL_CRC_MspInit	24	static
stm32f7xx_hal_msp.c:174:6:HAL_CRC_MspDeInit	16	static
stm32f7xx_hal_msp.c:191:6:HAL_DCMI_MspInit	40	static
stm32f7xx_hal_msp.c:259:6:HAL_DCMI_MspDeInit	16	static
stm32f7xx_hal_msp.c:301:6:HAL_DMA2D_MspInit	24	static
stm32f7xx_hal_msp.c:321:6:HAL_DMA2D_MspDeInit	16	static
stm32f7xx_hal_msp.c:341:6:HAL_ETH_MspInit	48	static
stm32f7xx_hal_msp.c:392:6:HAL_ETH_MspDeInit	16	static
stm32f7xx_hal_msp.c:427:6:HAL_I2C_MspInit	48	static
stm32f7xx_hal_msp.c:480:6:HAL_I2C_MspDeInit	16	static
stm32f7xx_hal_msp.c:522:6:HAL_LTDC_MspInit	40	static
stm32f7xx_hal_msp.c:613:6:HAL_LTDC_MspDeInit	16	static
stm32f7xx_hal_msp.c:677:6:HAL_QSPI_MspInit	40	static
stm32f7xx_hal_msp.c:732:6:HAL_QSPI_MspDeInit	16	static
stm32f7xx_hal_msp.c:764:6:HAL_RTC_MspInit	16	static
stm32f7xx_hal_msp.c:781:6:HAL_RTC_MspDeInit	16	static
stm32f7xx_hal_msp.c:798:6:HAL_SD_MspInit	40	static
stm32f7xx_hal_msp.c:840:6:HAL_SD_MspDeInit	16	static
stm32f7xx_hal_msp.c:871:6:HAL_SPDIFRX_MspInit	40	static
stm32f7xx_hal_msp.c:900:6:HAL_SPDIFRX_MspDeInit	16	static
stm32f7xx_hal_msp.c:923:6:HAL_TIM_Base_MspInit	40	static
stm32f7xx_hal_msp.c:984:6:HAL_TIM_PWM_MspInit	24	static
stm32f7xx_hal_msp.c:1001:6:HAL_TIM_MspPostInit	40	static
stm32f7xx_hal_msp.c:1107:6:HAL_TIM_Base_MspDeInit	16	static
stm32f7xx_hal_msp.c:1168:6:HAL_TIM_PWM_MspDeInit	16	static
stm32f7xx_hal_msp.c:1185:6:HAL_UART_MspInit	48	static
stm32f7xx_hal_msp.c:1245:6:HAL_UART_MspDeInit	16	static
stm32f7xx_hal_msp.c:1291:13:HAL_FMC_MspInit	32	static
stm32f7xx_hal_msp.c:1396:6:HAL_SDRAM_MspInit	16	static
stm32f7xx_hal_msp.c:1408:13:HAL_FMC_MspDeInit	8	static
stm32f7xx_hal_msp.c:1482:6:HAL_SDRAM_MspDeInit	16	static
stm32f7xx_hal_msp.c:1494:6:HAL_SAI_MspInit	48	static
stm32f7xx_hal_msp.c:1544:6:HAL_SAI_MspDeInit	16	static
