stm32f1xx_hal_msp.c:51:6:HAL_MspInit	16	static
stm32f1xx_hal_msp.c:86:6:HAL_ADC_MspInit	40	static
stm32f1xx_hal_msp.c:132:6:HAL_ADC_MspDeInit	8	static
stm32f1xx_hal_msp.c:160:6:HAL_I2C_MspInit	32	static
stm32f1xx_hal_msp.c:188:6:HAL_I2C_MspDeInit	0	static
stm32f1xx_hal_msp.c:212:6:HAL_TIM_PWM_MspInit	8	static
stm32f1xx_hal_msp.c:229:6:HAL_TIM_Base_MspInit	16	static
stm32f1xx_hal_msp.c:249:6:HAL_TIM_MspPostInit	24	static
stm32f1xx_hal_msp.c:274:6:HAL_TIM_PWM_MspDeInit	0	static
stm32f1xx_hal_msp.c:291:6:HAL_TIM_Base_MspDeInit	0	static
stm32f1xx_hal_msp.c:311:6:HAL_UART_MspInit	32	static
stm32f1xx_hal_msp.c:344:6:HAL_UART_MspDeInit	0	static
