stm32f1xx_hal_msp.c:49:6:HAL_MspInit	16	static
stm32f1xx_hal_msp.c:84:6:HAL_ADC_MspInit	32	static
stm32f1xx_hal_msp.c:110:6:HAL_ADC_MspDeInit	0	static
stm32f1xx_hal_msp.c:133:6:HAL_I2C_MspInit	32	static
stm32f1xx_hal_msp.c:163:6:HAL_I2C_MspDeInit	0	static
stm32f1xx_hal_msp.c:187:6:HAL_TIM_PWM_MspInit	8	static
stm32f1xx_hal_msp.c:215:6:HAL_TIM_Base_MspInit	16	static
stm32f1xx_hal_msp.c:235:6:HAL_TIM_MspPostInit	24	static
stm32f1xx_hal_msp.c:277:6:HAL_TIM_PWM_MspDeInit	0	static
stm32f1xx_hal_msp.c:305:6:HAL_TIM_Base_MspDeInit	0	static
stm32f1xx_hal_msp.c:325:6:HAL_UART_MspInit	32	static
stm32f1xx_hal_msp.c:358:6:HAL_UART_MspDeInit	0	static
