usbh_conf.c:90:6:HAL_HCD_MspInit	64	static
usbh_conf.c:183:6:HAL_HCD_MspDeInit	8	static
usbh_conf.c:253:6:HAL_HCD_SOF_Callback	0	static
usbh_conf.c:263:6:HAL_HCD_Connect_Callback	0	static
usbh_conf.c:273:6:HAL_HCD_Disconnect_Callback	0	static
usbh_conf.c:285:6:HAL_HCD_HC_NotifyURBChange_Callback	0	static
usbh_conf.c:302:20:USBH_LL_Init	8	static
usbh_conf.c:331:20:USBH_LL_DeInit	8	static
usbh_conf.c:363:20:USBH_LL_Start	8	static
usbh_conf.c:395:20:USBH_LL_Stop	8	static
usbh_conf.c:427:19:USBH_LL_GetSpeed	8	static
usbh_conf.c:457:20:USBH_LL_ResetPort	8	static
usbh_conf.c:489:10:USBH_LL_GetLastXferSize	0	static
usbh_conf.c:505:20:USBH_LL_OpenPipe	24	static
usbh_conf.c:540:20:USBH_LL_ClosePipe	8	static
usbh_conf.c:594:20:USBH_LL_SubmitURB	24	static
usbh_conf.c:639:22:USBH_LL_GetURBState	0	static
usbh_conf.c:653:20:USBH_LL_DriverVBUS	8	static
usbh_conf.c:674:20:USBH_LL_SetToggle	0	static
usbh_conf.c:697:9:USBH_LL_GetToggle	0	static
usbh_conf.c:719:6:USBH_Delay	0	static
