<html>
<body>
<pre>
<h1>µVision Build Log</h1>
<h2>Tool Versions:</h2>
IDE-Version: µVision V5.25.2.0
Copyright (C) 2018 ARM Ltd and ARM Germany GmbH. All rights reserved.
License Information: Gustavo Adono, CNPEM, LIC=----
 
Tool Versions:
Toolchain:       MDK-Lite  Version: 5.25.2.0
Toolchain Path:  C:\Keil_v5\ARM\ARMCC\Bin
C Compiler:      Armcc.exe V5.06 update 6 (build 750)
Assembler:       Armasm.exe V5.06 update 6 (build 750)
Linker/Locator:  ArmLink.exe V5.06 update 6 (build 750)
Library Manager: ArmAr.exe V5.06 update 6 (build 750)
Hex Converter:   FromElf.exe V5.06 update 6 (build 750)
CPU DLL:         SARMCM3.DLL V5.25.2.0
Dialog DLL:      DCM.DLL V1.17.1.0
Target DLL:      STLink\ST-LINKIII-KEIL_SWO.dll V3.0.1.0
Dialog DLL:      TCM.DLL V1.35.1.0
 
<h2>Project:</h2>
C:\Users\gustavo.adono\Documents\Atollic\BLINK\MDK-ARM\BLINK.uvprojx
Project File Date:  04/19/2018

<h2>Output:</h2>
*** Using Compiler 'V5.06 update 6 (build 750)', folder: 'C:\Keil_v5\ARM\ARMCC\Bin'
Build target 'BLINK'
compiling main.c...
../Src/main.c(356): warning:  #177-D: function "MX_ADC3_Init"  was declared but never referenced
  static void MX_ADC3_Init(void)
../Src/main.c(393): warning:  #177-D: function "MX_CRC_Init"  was declared but never referenced
  static void MX_CRC_Init(void)
../Src/main.c(410): warning:  #177-D: function "MX_DCMI_Init"  was declared but never referenced
  static void MX_DCMI_Init(void)
../Src/main.c(433): warning:  #177-D: function "MX_DMA2D_Init"  was declared but never referenced
  static void MX_DMA2D_Init(void)
../Src/main.c(457): warning:  #177-D: function "MX_ETH_Init"  was declared but never referenced
  static void MX_ETH_Init(void)
../Src/main.c(1156): warning:  #177-D: function "MX_FMC_Init"  was declared but never referenced
  static void MX_FMC_Init(void)
../Src/main.c(488): warning:  #177-D: function "MX_I2C1_Init"  was declared but never referenced
  static void MX_I2C1_Init(void)
../Src/main.c(522): warning:  #177-D: function "MX_I2C3_Init"  was declared but never referenced
  static void MX_I2C3_Init(void)
../Src/main.c(556): warning:  #177-D: function "MX_LTDC_Init"  was declared but never referenced
  static void MX_LTDC_Init(void)
../Src/main.c(605): warning:  #177-D: function "MX_QUADSPI_Init"  was declared but never referenced
  static void MX_QUADSPI_Init(void)
../Src/main.c(626): warning:  #177-D: function "MX_RTC_Init"  was declared but never referenced
  static void MX_RTC_Init(void)
../Src/main.c(710): warning:  #177-D: function "MX_SAI2_Init"  was declared but never referenced
  static void MX_SAI2_Init(void)
../Src/main.c(772): warning:  #177-D: function "MX_SDMMC1_SD_Init"  was declared but never referenced
  static void MX_SDMMC1_SD_Init(void)
../Src/main.c(786): warning:  #177-D: function "MX_SPDIFRX_Init"  was declared but never referenced
  static void MX_SPDIFRX_Init(void)
../Src/main.c(808): warning:  #177-D: function "MX_TIM1_Init"  was declared but never referenced
  static void MX_TIM1_Init(void)
../Src/main.c(880): warning:  #177-D: function "MX_TIM2_Init"  was declared but never referenced
  static void MX_TIM2_Init(void)
../Src/main.c(930): warning:  #177-D: function "MX_TIM3_Init"  was declared but never referenced
  static void MX_TIM3_Init(void)
../Src/main.c(980): warning:  #177-D: function "MX_TIM5_Init"  was declared but never referenced
  static void MX_TIM5_Init(void)
../Src/main.c(1030): warning:  #177-D: function "MX_TIM8_Init"  was declared but never referenced
  static void MX_TIM8_Init(void)
../Src/main.c(1065): warning:  #177-D: function "MX_TIM12_Init"  was declared but never referenced
  static void MX_TIM12_Init(void)
../Src/main.c(1095): warning:  #177-D: function "MX_USART1_UART_Init"  was declared but never referenced
  static void MX_USART1_UART_Init(void)
../Src/main.c(1116): warning:  #177-D: function "MX_USART6_UART_Init"  was declared but never referenced
  static void MX_USART6_UART_Init(void)
../Src/main.c(1137): warning:  #177-D: function "MX_USB_OTG_HS_HCD_Init"  was declared but never referenced
  static void MX_USB_OTG_HS_HCD_Init(void)
../Src/main.c: 23 warnings, 0 errors
linking...
Program Size: Code=11736 RO-data=512 RW-data=92 ZI-data=2892  
"BLINK\BLINK.axf" - 0 Error(s), 23 Warning(s).

<h2>Software Packages used:</h2>

Package Vendor: ARM
                http://www.keil.com/pack/ARM.CMSIS.5.3.0.pack
                ARM.CMSIS.5.3.0
                CMSIS (Cortex Microcontroller Software Interface Standard)
   * Component: CORE Version: 5.1.1

Package Vendor: Keil
                http://www.keil.com/pack/Keil.STM32F7xx_DFP.2.9.0.pack
                Keil.STM32F7xx_DFP.2.9.0
                STMicroelectronics STM32F7 Series Device Support, Drivers and Examples

<h2>Collection of Component include folders:</h2>
  .\RTE\_BLINK
  C:\Keil_v5\ARM\PACK\ARM\CMSIS\5.3.0\CMSIS\Include
  C:\Keil_v5\ARM\PACK\Keil\STM32F7xx_DFP\2.9.0\Drivers\CMSIS\Device\ST\STM32F7xx\Include

<h2>Collection of Component Files used:</h2>

   * Component: ARM::CMSIS:CORE:5.1.1
Build Time Elapsed:  00:00:05
</pre>
</body>
</html>
